[6992:19924:0324/210700.542:WARNING:chrome_main_delegate.cc(745)] This is Chrome version 128.0.6613.138 (not a warning)
[6992:19924:0324/210700.740:ERROR:os_crypt_win.cc(100)] Failed to decrypt: Key not valid for use in specified state. (0x8009000B)
[6992:19924:0324/210701.043:WARNING:account_consistency_mode_manager.cc(77)] Desktop Identity Consistency cannot be enabled as no OAuth client ID and client secret have been configured.
[6992:17032:0324/210711.202:WARNING:leveldb_database.cc(141)] Unable to open D:\Kemono\Github\TempForbiddenBlood\ForbiddenBlood\Saved\webcache_6613\Default\shared_proto_db\metadata: IO error: D:\Kemono\Github\TempForbiddenBlood\ForbiddenBlood\Saved\webcache_6613\Default\shared_proto_db\metadata/MANIFEST-000001: Unable to create sequential file (ChromeMethodBFE: 7::NewSequentialFile::1)
[6992:17032:0324/210711.205:WARNING:leveldb_database.cc(141)] Unable to open D:\Kemono\Github\TempForbiddenBlood\ForbiddenBlood\Saved\webcache_6613\Default\shared_proto_db\metadata: IO error: D:\Kemono\Github\TempForbiddenBlood\ForbiddenBlood\Saved\webcache_6613\Default\shared_proto_db\metadata/MANIFEST-000001: Unable to create sequential file (ChromeMethodBFE: 7::NewSequentialFile::1)
[6992:17032:0324/210711.207:WARNING:leveldb_database.cc(141)] Unable to open D:\Kemono\Github\TempForbiddenBlood\ForbiddenBlood\Saved\webcache_6613\Default\shared_proto_db\metadata: IO error: D:\Kemono\Github\TempForbiddenBlood\ForbiddenBlood\Saved\webcache_6613\Default\shared_proto_db\metadata/MANIFEST-000001: Unable to create sequential file (ChromeMethodBFE: 7::NewSequentialFile::1)
[6992:17032:0324/210711.208:WARNING:leveldb_database.cc(141)] Unable to open D:\Kemono\Github\TempForbiddenBlood\ForbiddenBlood\Saved\webcache_6613\Default\shared_proto_db\metadata: IO error: D:\Kemono\Github\TempForbiddenBlood\ForbiddenBlood\Saved\webcache_6613\Default\shared_proto_db\metadata/MANIFEST-000001: Unable to create sequential file (ChromeMethodBFE: 7::NewSequentialFile::1)
[6992:17032:0324/210712.529:WARNING:value_store_frontend.cc(47)] Reading ahfgeienlihckogmohjhadlkjgocpleb.alarms from  failed: IO error: .../MANIFEST-000001: Unable to create sequential file (ChromeMethodBFE: 7::NewSequentialFile::1)
[6992:17032:0324/210712.530:WARNING:value_store_frontend.cc(47)] Reading mhjfbmdgcfjbbpaeojofohoefgiehjai.alarms from  failed: IO error: .../MANIFEST-000001: Unable to create sequential file (ChromeMethodBFE: 7::NewSequentialFile::1)
[6992:13560:0324/210713.525:WARNING:browser_info.cc(345)] Returning a speculative frame for [7,9]
[6992:19924:0324/210713.617:WARNING:browser_info.cc(345)] Returning a speculative frame for [9,5]
[6992:19924:0324/210713.617:WARNING:browser_info.cc(345)] Returning a speculative frame for [9,5]
[6992:19924:0324/210713.617:WARNING:browser_info.cc(345)] Returning a speculative frame for [9,5]
[6992:19924:0324/210713.617:WARNING:browser_info.cc(345)] Returning a speculative frame for [9,5]
[6992:13560:0324/210713.643:WARNING:browser_info.cc(345)] Returning a speculative frame for [9,5]
[17512:8992:0324/210715.281:ERROR:ssl_client_socket_impl.cc(882)] handshake failed; returned -1, SSL error code 1, net_error -100
[17512:8992:0324/210715.315:ERROR:ssl_client_socket_impl.cc(882)] handshake failed; returned -1, SSL error code 1, net_error -100
[17512:8992:0324/210723.340:ERROR:ssl_client_socket_impl.cc(882)] handshake failed; returned -1, SSL error code 1, net_error -100
[17512:8992:0324/210731.262:ERROR:ssl_client_socket_impl.cc(882)] handshake failed; returned -1, SSL error code 1, net_error -100
[27736:4088:0324/210929.049:WARNING:frame_impl.cc(430)] virtual CefFrameImpl::SendProcessMessage sent to detached frame 6-1421011F97DBF5DCF2BA66023B266E36 will be ignored
[21732:24364:0324/210929.114:ERROR:shared_image_manager.cc(224)] SharedImageManager::ProduceSkia: Trying to Produce a Skia representation from a non-existent mailbox.
[17512:8992:0324/210929.134:ERROR:ssl_client_socket_impl.cc(882)] handshake failed; returned -1, SSL error code 1, net_error -101
[17512:8992:0324/210929.167:ERROR:ssl_client_socket_impl.cc(882)] handshake failed; returned -1, SSL error code 1, net_error -101
[6992:19924:0324/211305.337:WARNING:pref_notifier_impl.cc(41)] Pref observer for media_router.cast_allow_all_ips found at shutdown.
